// Jest Snapshot v1, https://goo.gl/fbAQLP

exports[`Help modal window renders correctly 1`] = `
<Modal
  animationType="none"
  hardwareAccelerated={false}
  onRequestClose={undefined}
  transparent={true}
  visible={true}
>
  <View
    style={
      Object {
        "backgroundColor": "rgba(0,0,0,0.5)",
        "flex": 1,
      }
    }
  >
    <View
      style={
        Object {
          "alignSelf": "center",
          "backgroundColor": "white",
          "marginTop": 7,
          "width": 340,
        }
      }
    >
      <Text
        accessible={true}
        allowFontScaling={true}
        ellipsizeMode="tail"
        style={
          Object {
            "fontWeight": "bold",
            "lineHeight": 15,
            "padding": 10,
            "paddingTop": 5,
          }
        }
      >
        Hello and welcome to Wishlist!
        
        
        To add an item, press the ⊕ button at the bottom of the list.
        
        
        To remove an item, swipe it to the left.
        
        
        To edit an item, press it and hold.
        
        
        To show additional options, press and hold the ⊕ button.
        
        
        Additional options:
        
        
        Generate QR: generates a QR Code from the current list.
        
        
        Read QR: reads a QR Code generated in Wishlist and creates a list out of it.
        
        
        Load list: loads a previously saved list.
        
        
        Save list: saves the current list, overwriting the previously saved list.
        
        
        New list: creates a new list.
        
        
        Help: shows this window.
      </Text>
      <View
        style={
          Array [
            Object {
              "alignItems": "center",
              "backgroundColor": "#ffbcbc",
              "borderColor": "red",
              "borderWidth": 1,
              "height": 100,
              "justifyContent": "center",
              "margin": 10,
              "width": 300,
            },
            undefined,
          ]
        }
      >
        <Text
          accessible={true}
          allowFontScaling={true}
          ellipsizeMode="tail"
          style={
            Object {
              "color": "#333333",
              "margin": 20,
            }
          }
        >
          TouchableNativeFeedback is not supported on this platform!
        </Text>
      </View>
    </View>
  </View>
</Modal>
`;
